[full seed1] input dim 6, sigma_ou 0.09935 (noise/Rabi 0.5), 400000 env steps
  step   10000  eps 0.683  train20    -0.02  eval    41.96 +- 46.9   len   55.9  surv   0%
  step   20000  eps 0.367  train20     2.29  eval    52.37 +- 44.0   len   70.0  surv   0%
  step   30000  eps 0.050  train20    30.79  eval    99.53 +- 99.5   len  118.4  surv   0%
  step   40000  eps 0.050  train20    30.47  eval    68.94 +- 109.3  len   84.8  surv   0%
  step   50000  eps 0.050  train20    40.40  eval    90.23 +- 85.1   len  107.8  surv   0%
  step   60000  eps 0.050  train20    47.03  eval    51.21 +- 73.5   len   69.2  surv   0%
  step   70000  eps 0.050  train20    47.14  eval    94.73 +- 99.4   len  116.5  surv   0%
  step   80000  eps 0.050  train20    58.85  eval   118.98 +- 120.2  len  143.3  surv   0%
  step   90000  eps 0.050  train20    35.96  eval   111.17 +- 108.5  len  129.8  surv   0%
  step  100000  eps 0.050  train20    83.16  eval   131.12 +- 125.3  len  154.3  surv   5%
  step  110000  eps 0.050  train20    67.47  eval   105.50 +- 107.3  len  127.1  surv   0%
  step  120000  eps 0.050  train20    52.53  eval   124.87 +- 115.2  len  142.2  surv   0%
  step  130000  eps 0.050  train20    63.79  eval   105.80 +- 119.7  len  126.5  surv   5%
  step  140000  eps 0.050  train20    77.66  eval   107.66 +- 96.5   len  126.7  surv   0%
  step  150000  eps 0.050  train20    46.64  eval   105.34 +- 93.7   len  125.2  surv   0%
  step  160000  eps 0.050  train20    61.89  eval   115.59 +- 128.7  len  135.6  surv   0%
  step  170000  eps 0.050  train20    42.15  eval    97.08 +- 94.7   len  116.1  surv   0%
  step  180000  eps 0.050  train20    52.48  eval    82.04 +- 87.9   len  103.1  surv   0%
  step  190000  eps 0.050  train20    18.99  eval   100.20 +- 103.4  len  126.7  surv   0%
  step  200000  eps 0.050  train20    72.69  eval   137.10 +- 131.5  len  155.7  surv   0%
  step  210000  eps 0.050  train20    49.38  eval    62.75 +- 59.4   len   83.5  surv   0%
  step  220000  eps 0.050  train20    44.79  eval   119.45 +- 110.2  len  144.6  surv   0%
  step  230000  eps 0.050  train20    56.06  eval    84.89 +- 91.9   len  108.8  surv   0%
  step  240000  eps 0.050  train20    45.15  eval    96.84 +- 94.7   len  119.1  surv   0%
  step  250000  eps 0.050  train20    55.35  eval   101.31 +- 95.1   len  120.0  surv   0%
  step  260000  eps 0.050  train20    32.32  eval   119.25 +- 122.1  len  139.1  surv   0%
  step  270000  eps 0.050  train20    42.42  eval   104.46 +- 98.3   len  121.1  surv   0%
  step  280000  eps 0.050  train20    48.22  eval   118.76 +- 103.7  len  140.5  surv   0%
  step  290000  eps 0.050  train20    44.65  eval    92.53 +- 85.3   len  115.8  surv   0%
  step  300000  eps 0.050  train20    50.25  eval   123.29 +- 122.4  len  142.7  surv   5%
  step  310000  eps 0.050  train20    58.00  eval    94.45 +- 95.3   len  115.0  surv   0%
  step  320000  eps 0.050  train20    71.29  eval   110.39 +- 97.4   len  127.5  surv   0%
  step  330000  eps 0.050  train20    70.87  eval   139.45 +- 130.4  len  159.7  surv   5%
  step  340000  eps 0.050  train20    47.80  eval   115.36 +- 113.6  len  132.8  surv   0%
  step  350000  eps 0.050  train20    65.69  eval   123.87 +- 108.3  len  146.1  surv   0%
  step  360000  eps 0.050  train20    61.30  eval   136.65 +- 140.6  len  158.6  surv  10%
  step  370000  eps 0.050  train20    49.54  eval    73.92 +- 107.4  len   97.5  surv   5%
  step  380000  eps 0.050  train20    58.57  eval   117.55 +- 132.7  len  136.8  surv   5%
  step  390000  eps 0.050  train20    59.80  eval   125.26 +- 111.9  len  147.8  surv   0%
  step  400000  eps 0.050  train20    84.05  eval   128.63 +- 127.3  len  149.7  surv   5%
  FINAL (50 greedy eps): 126.54 +- 117.39  median 103.70  len 145.5  survive 4%
  26.6 min
  wrote results\dqn_fullLong_nr0.5_seed1.json
