[PPO full_prevact seed1] dim 11, sigma_ou 0.06954 (noise/Rabi 0.35), 150000 steps, 73 updates
  step   10240  train20     0.58  eval   156.34 +- 155.5  len  195.8  surv  20%
  step   20480  train20     5.33  eval   183.04 +- 131.0  len  223.2  surv  15%
  step   30720  train20     8.22  eval   350.26 +- 166.5  len  375.4  surv  55%
  step   40960  train20    19.22  eval   357.76 +- 159.8  len  382.4  surv  55%
  step   51200  train20     7.71  eval   339.85 +- 174.1  len  368.4  surv  60%
  step   61440  train20    23.26  eval   288.36 +- 187.3  len  325.2  surv  55%
  step   71680  train20    17.94  eval   296.65 +- 194.1  len  325.9  surv  55%
  step   81920  train20    17.62  eval   343.37 +- 145.5  len  371.9  surv  40%
  step   92160  train20    39.20  eval   241.25 +- 179.6  len  270.9  surv  35%
  step  102400  train20    54.90  eval   294.28 +- 165.0  len  337.0  surv  50%
  step  112640  train20    27.46  eval   309.58 +- 184.6  len  338.1  surv  50%
  step  122880  train20    36.25  eval   357.17 +- 158.2  len  391.1  surv  55%
  step  133120  train20    18.20  eval   283.49 +- 183.6  len  312.9  surv  45%
  step  143360  train20    18.39  eval   311.76 +- 181.7  len  344.5  surv  55%
  step  149504  train20    41.54  eval   350.92 +- 166.9  len  386.4  surv  65%
  FINAL (50 eps): 396.99 +- 128.49  median 466.65  len 425.0  survive 66%
  9.9 min
  saved results\ppo_anim_full_prevact_nr0.35.pt
  wrote results\ppo_anim_full_prevact_nr0.35.json
