[vqc(9q x 5L) sxy_prevact seed0] input dim 9, sigma_ou 0.06954 (noise/Rabi 0.35), 600000 env steps
  observables: ['ZZIIIIIII', 'IIZZIIIII', 'IIIIZZIII', 'IIIIIIZZI', 'ZIIIIIIIZ']
  batch 16, train_every 10, target_every 30, lr w/lam/circuit 0.1/0.001/0.001
  step   10000  eps 0.683  train20    -1.02  eval     0.83 +- 7.7    len    7.7  surv   0%
  step   20000  eps 0.367  train20     4.26  eval    20.94 +- 36.5   len   31.4  surv   0%
  step   30000  eps 0.050  train20     2.46  eval     8.89 +- 11.5   len   16.4  surv   0%
  step   40000  eps 0.050  train20    23.67  eval    16.15 +- 30.1   len   24.2  surv   0%
  step   50000  eps 0.050  train20    45.18  eval    96.28 +- 109.6  len  110.3  surv   5%
  step   60000  eps 0.050  train20    64.76  eval    80.69 +- 91.6   len   94.1  surv   0%
  step   70000  eps 0.050  train20    90.16  eval   284.93 +- 192.7  len  310.9  surv  50%
  step   80000  eps 0.050  train20   111.78  eval   240.26 +- 192.2  len  260.1  surv  35%
  step   90000  eps 0.050  train20   100.11  eval   235.03 +- 186.0  len  259.1  surv  35%
  step  100000  eps 0.050  train20   141.83  eval    91.57 +- 126.7  len  104.7  surv   5%
  step  110000  eps 0.050  train20   114.60  eval   311.62 +- 193.3  len  332.9  surv  55%
  step  120000  eps 0.050  train20   169.62  eval   299.96 +- 194.5  len  324.2  surv  50%
  step  130000  eps 0.050  train20   205.76  eval   343.52 +- 179.3  len  365.1  surv  50%
  step  140000  eps 0.050  train20   156.31  eval   277.92 +- 194.4  len  295.6  surv  45%
  step  150000  eps 0.050  train20   182.51  eval   306.74 +- 193.2  len  332.6  surv  55%
  step  160000  eps 0.050  train20   156.53  eval   308.63 +- 188.8  len  333.8  surv  55%
  step  170000  eps 0.050  train20   207.27  eval   274.13 +- 185.1  len  294.2  surv  40%
  step  180000  eps 0.050  train20   216.28  eval   289.40 +- 189.6  len  310.3  surv  40%
  step  190000  eps 0.050  train20   201.40  eval   295.92 +- 191.1  len  314.5  surv  45%
  step  200000  eps 0.050  train20   133.19  eval   322.78 +- 188.4  len  346.8  surv  55%
  step  210000  eps 0.050  train20   189.84  eval   248.54 +- 180.3  len  270.1  surv  30%
  step  220000  eps 0.050  train20   176.13  eval   227.40 +- 182.9  len  246.5  surv  25%
  step  230000  eps 0.050  train20   178.68  eval    99.54 +- 130.3  len  113.2  surv   5%
  step  240000  eps 0.050  train20   184.43  eval   321.83 +- 185.4  len  340.8  surv  50%
  step  250000  eps 0.050  train20   168.96  eval   315.29 +- 179.8  len  335.9  surv  45%
  step  260000  eps 0.050  train20   156.50  eval   331.54 +- 181.7  len  356.6  surv  60%
  step  270000  eps 0.050  train20   229.85  eval   241.85 +- 206.1  len  260.6  surv  35%
  step  280000  eps 0.050  train20   156.29  eval   339.40 +- 182.0  len  360.2  surv  55%
  step  290000  eps 0.050  train20   190.67  eval   297.35 +- 195.3  len  315.1  surv  50%
  step  300000  eps 0.050  train20   151.31  eval   344.13 +- 179.4  len  365.1  surv  55%
  step  310000  eps 0.050  train20   191.10  eval   350.93 +- 183.2  len  371.7  surv  65%
  step  320000  eps 0.050  train20   200.11  eval   360.75 +- 172.4  len  383.4  surv  65%
  step  330000  eps 0.050  train20   173.45  eval   362.59 +- 172.9  len  386.1  surv  65%
  step  340000  eps 0.050  train20   328.94  eval   343.94 +- 186.6  len  367.3  surv  65%
  step  350000  eps 0.050  train20   243.26  eval   392.17 +- 160.1  len  414.8  surv  70%
  step  360000  eps 0.050  train20   175.11  eval   168.09 +- 169.1  len  185.8  surv  15%
  step  370000  eps 0.050  train20   277.52  eval   336.40 +- 180.3  len  358.1  surv  50%
  step  380000  eps 0.050  train20   261.06  eval   353.54 +- 184.5  len  371.7  surv  65%
  step  390000  eps 0.050  train20   215.97  eval   333.29 +- 188.2  len  353.2  surv  60%
  step  400000  eps 0.050  train20   212.36  eval   347.01 +- 186.3  len  366.6  surv  65%
