[vqc(9q x 5L) sxy_prevact seed2] input dim 9, sigma_ou 0.06954 (noise/Rabi 0.35), 600000 env steps
  observables: ['ZZIIIIIII', 'IIZZIIIII', 'IIIIZZIII', 'IIIIIIZZI', 'ZIIIIIIIZ']
  batch 16, train_every 10, target_every 30, lr w/lam/circuit 0.1/0.001/0.001
  step   10000  eps 0.683  train20     0.37  eval     5.73 +- 12.8   len   12.7  surv   0%
  step   20000  eps 0.367  train20     5.22  eval    12.58 +- 23.3   len   21.6  surv   0%
  step   30000  eps 0.050  train20     3.67  eval    12.68 +- 17.2   len   21.5  surv   0%
  step   40000  eps 0.050  train20     4.98  eval    40.96 +- 47.1   len   53.5  surv   0%
  step   50000  eps 0.050  train20    40.02  eval    47.16 +- 40.5   len   60.3  surv   0%
  step   60000  eps 0.050  train20    81.06  eval    46.25 +- 45.9   len   58.2  surv   0%
  step   70000  eps 0.050  train20    82.17  eval   144.07 +- 139.0  len  160.5  surv  10%
  step   80000  eps 0.050  train20   118.78  eval   257.28 +- 170.3  len  278.9  surv  25%
  step   90000  eps 0.050  train20   150.07  eval   169.98 +- 155.1  len  190.2  surv  10%
  step  100000  eps 0.050  train20   139.17  eval   265.73 +- 189.7  len  286.5  surv  40%
  step  110000  eps 0.050  train20   168.25  eval   324.78 +- 182.7  len  350.4  surv  55%
  step  120000  eps 0.050  train20   153.33  eval   305.22 +- 189.9  len  327.2  surv  50%
  step  130000  eps 0.050  train20   177.87  eval   308.68 +- 195.5  len  328.1  surv  55%
  step  140000  eps 0.050  train20   164.93  eval   306.12 +- 192.8  len  328.8  surv  55%
  step  150000  eps 0.050  train20   147.57  eval   328.64 +- 185.4  len  350.1  surv  55%
  step  160000  eps 0.050  train20   142.67  eval   330.42 +- 181.0  len  350.9  surv  50%
  step  170000  eps 0.050  train20   204.77  eval   316.96 +- 185.0  len  338.9  surv  55%
  step  180000  eps 0.050  train20   168.03  eval   302.26 +- 169.7  len  331.0  surv  45%
  step  190000  eps 0.050  train20   214.12  eval   135.27 +- 159.6  len  151.7  surv  15%
  step  200000  eps 0.050  train20   184.40  eval   297.07 +- 188.3  len  315.9  surv  45%
  step  210000  eps 0.050  train20   149.40  eval   304.67 +- 199.8  len  323.8  surv  50%
  step  220000  eps 0.050  train20   150.90  eval   344.80 +- 179.5  len  364.4  surv  60%
  step  230000  eps 0.050  train20   143.58  eval   355.49 +- 169.8  len  378.7  surv  50%
  step  240000  eps 0.050  train20   255.50  eval   331.58 +- 186.0  len  352.9  surv  55%
  step  250000  eps 0.050  train20   155.52  eval   303.06 +- 175.7  len  325.6  surv  40%
  step  260000  eps 0.050  train20   193.01  eval   291.21 +- 187.1  len  311.7  surv  45%
  step  270000  eps 0.050  train20   226.92  eval   349.62 +- 175.8  len  376.7  surv  65%
  step  280000  eps 0.050  train20   231.09  eval   388.64 +- 148.8  len  414.6  surv  65%
  step  290000  eps 0.050  train20   201.09  eval   328.67 +- 194.9  len  346.1  surv  60%
