[vqc(9q x 5L) sxy_prevact seed1] input dim 9, sigma_ou 0.06954 (noise/Rabi 0.35), 600000 env steps
  observables: ['ZZIIIIIII', 'IIZZIIIII', 'IIIIZZIII', 'IIIIIIZZI', 'ZIIIIIIIZ']
  batch 16, train_every 10, target_every 30, lr w/lam/circuit 0.1/0.001/0.001
  step   10000  eps 0.683  train20    -0.03  eval     9.60 +- 14.4   len   18.7  surv   0%
  step   20000  eps 0.367  train20     2.89  eval     2.94 +- 9.7    len   10.3  surv   0%
  step   30000  eps 0.050  train20     1.96  eval     8.38 +- 15.9   len   16.8  surv   0%
  step   40000  eps 0.050  train20    17.23  eval    27.31 +- 46.0   len   36.5  surv   0%
  step   50000  eps 0.050  train20    29.05  eval   184.06 +- 178.5  len  204.9  surv  20%
  step   60000  eps 0.050  train20   113.32  eval    56.13 +- 88.3   len   67.5  surv   0%
  step   70000  eps 0.050  train20   125.29  eval    88.27 +- 117.3  len  101.2  surv   5%
  step   80000  eps 0.050  train20   111.96  eval   304.78 +- 182.7  len  327.9  surv  40%
  step   90000  eps 0.050  train20    88.77  eval   285.68 +- 189.1  len  307.5  surv  45%
  step  100000  eps 0.050  train20   119.98  eval   330.71 +- 183.6  len  358.6  surv  60%
  step  110000  eps 0.050  train20   145.69  eval   307.93 +- 190.2  len  328.3  surv  45%
  step  120000  eps 0.050  train20   155.63  eval   329.94 +- 189.5  len  352.3  surv  60%
  step  130000  eps 0.050  train20   180.98  eval   229.67 +- 197.7  len  246.3  surv  30%
  step  140000  eps 0.050  train20   139.74  eval   343.36 +- 165.9  len  365.9  surv  50%
  step  150000  eps 0.050  train20   135.45  eval   240.36 +- 182.5  len  257.0  surv  30%
  step  160000  eps 0.050  train20   102.22  eval   342.02 +- 168.6  len  368.2  surv  60%
  step  170000  eps 0.050  train20   136.75  eval   326.48 +- 196.1  len  347.1  surv  55%
  step  180000  eps 0.050  train20   165.21  eval   105.53 +- 125.8  len  118.3  surv   5%
  step  190000  eps 0.050  train20   151.52  eval   271.41 +- 178.6  len  291.6  surv  30%
  step  200000  eps 0.050  train20   183.90  eval   303.91 +- 182.9  len  322.9  surv  40%
  step  210000  eps 0.050  train20   171.85  eval   337.51 +- 183.8  len  357.4  surv  60%
  step  220000  eps 0.050  train20   167.25  eval   348.28 +- 177.0  len  368.4  surv  60%
  step  230000  eps 0.050  train20   119.04  eval   259.53 +- 185.8  len  277.9  surv  30%
  step  240000  eps 0.050  train20   158.82  eval   184.68 +- 172.3  len  200.9  surv  20%
  step  250000  eps 0.050  train20   165.39  eval   305.24 +- 178.7  len  327.1  surv  45%
  step  260000  eps 0.050  train20   149.58  eval   269.27 +- 202.3  len  288.1  surv  45%
  step  270000  eps 0.050  train20   179.31  eval   272.21 +- 186.4  len  293.4  surv  40%
  step  280000  eps 0.050  train20   169.61  eval   338.93 +- 182.4  len  358.2  surv  55%
  step  290000  eps 0.050  train20   192.30  eval   346.02 +- 170.0  len  366.2  surv  55%
  step  300000  eps 0.050  train20   223.78  eval   346.47 +- 178.0  len  368.3  surv  60%
  step  310000  eps 0.050  train20   158.75  eval   327.86 +- 194.5  len  349.6  surv  60%
  step  320000  eps 0.050  train20   197.26  eval   373.32 +- 172.8  len  396.6  surv  65%
  step  330000  eps 0.050  train20   144.53  eval   327.85 +- 178.7  len  346.2  surv  50%
  step  340000  eps 0.050  train20   141.59  eval   286.33 +- 198.4  len  306.2  surv  50%
  step  350000  eps 0.050  train20   190.04  eval   347.41 +- 195.0  len  367.2  surv  65%
  step  360000  eps 0.050  train20   230.18  eval   349.96 +- 188.8  len  368.9  surv  65%
  step  370000  eps 0.050  train20   189.21  eval   327.17 +- 188.0  len  347.8  surv  55%
  step  380000  eps 0.050  train20   234.95  eval   297.29 +- 183.2  len  318.2  surv  40%
  step  390000  eps 0.050  train20   193.09  eval   309.70 +- 192.9  len  327.4  surv  50%
  step  400000  eps 0.050  train20   220.86  eval   308.89 +- 198.2  len  326.6  surv  55%
  step  410000  eps 0.050  train20   214.13  eval   329.83 +- 194.6  len  349.2  surv  60%
  step  420000  eps 0.050  train20   220.12  eval   355.98 +- 175.2  len  378.4  surv  60%
  step  430000  eps 0.050  train20   240.52  eval   311.18 +- 194.2  len  330.4  surv  55%
